Log started at 26.08.2025	15:26:03
Number of used processors (NPROC): 14.
Number of mesh partitions (NPART): 14.
Total Physical Memory = 111.99 Gb, Available Physical Memory = 104.82 Gb
Computer name:	MARCDNICHITBF25
Operating system:	Windows 11 (or higher) (Version 10.0.22631)

Commandline:	"C:\Program Files\SOLIDWORKS Corp\SOLIDWORKS Flow Simulation (3)\BINCFW\efdsolver.exe" /config:"Z:\Developer\MIT_Rkt_Team\Githubs\MIT_Rkt_Zephyrus_Aero\CFD\sldwrks\08.15.2025\2\2.xmlconfig" /guid:c0a847ad-afcf-4342-b598-82a73626f3c5 /processors:max /m /s /prjnamelm:"Flow Simulation 2025" /prjnamehabout:"Flow Simulation 2025" /companyname:"COSMOS Applications" /prjaliasid:1002 /lang:English /port:50047

SOLIDWORKS 2025 SP3.0
Flow Simulation 2025  x64 / 6784

Project: Z:\Developer\MIT_Rkt_Team\Githubs\MIT_Rkt_Zephyrus_Aero\CFD\sldwrks\08.15.2025\2\2.xmlconfig
Configuration name: 4deg
Project name: 4degStudy
Problem type: external-with-void-internal-space-type
Exclude cavities without flow conditions: ON
NGK: OFF
MBO: OFF
-----------------------------------------------------------------------
Mesher option run = eRunMesherNormal
-----------------------------------------------------------------------

Mesh generation started:	26.8.2025	15:26:3
-----------------------------------------------------------------------
Memory Working Set Current = 36.87 Mb, Memory Working Set Peak = 36.87 Mb
Memory Private Bytes Current = 17.97 Mb, Memory Private Bytes Peak = 17.97 Mb
Process Threads Number: 8
-----------------------------------------------------------------------
Base mesh dimensions were changed from (30, 86, 53) to (30, 86, 54)
Mesher adjust APD = OFF; AdjustAPD_method=0; N_per_Channel = 0; N2_per_Channel = 0
Current CPU = 0 sec
-----------------------------------------------------------------------
Geometries initialization:
-----------------------------------------------------------------------
Loading mesh settings (global/local)...
-----------------------------------------------------------------------
Number of geometries from DB: 1
Geometry(0):
	Guid = {00000000-0000-0000-0000-000000000000}
	Fluid..
	1 Body.
	1 Real body.
	-- Bodyset 0 --
		Tolerance=5.56166e-05.
		55 Face(s).
			55 of b-spline type.
		0 Face(s) that have no ref faces
		36 Plane surface(s).
		13 Cylinder surface(s).
		6 B- surface(s).
		1732 Triangle(s).
		Getting triangle connectivities from DB: 0.001 s
		139 Edge(s).
			139 of b-spline type.
		BodyGeom reading: 0.013 s.
		52 Reference Face(s).
		1654 Reference Triangles.
		Getting triangle connectivities from DB (Ref): 0.001 s
		BodyGeom Ref reading: 0.002 s.
Geometry(1):
	Solid.
	-- Bodyset 1 --
	Empty
-----------------------------------------------------------------------
Calculating t-connected sets:
BodySet (0):
		Number of t-connected sets:1 (cavity=0)
BodySet (1):
no log info (empty stream)

Calculating t-connected sets takes 0.001 s
-----------------------------------------------------------------------
Number of geometries in task: 2
	G : 0	Type: Fluid	Bodies: 1		Faces: 55		Edges: 139		Triangles: 1732
	G : 1	Type: Solid	Bodies: 0		Faces: 0		Edges: 0		Triangles: 0
Number of bodysets in task: 2

Bodies:     1
Faces:      55
Edges:      139
Triangles:  1732
-----------------------------------------------------------------------
BodySet (0):
	Making hash and connectivity for Bodyset ...
		CBodyGeom:
		Hashing triangles...Ok.
		Hash size: {30, 86, 54}.
		Mesh size: {30, 86, 54}.
			axis(0) tr sizes: average=11 max=177
			axis(1) tr sizes: average=16 max=249
			axis(2) tr sizes: average=6 max=201
		CBodyGeomRef:
		Hashing triangles...Ok.
		Hash size: {30, 86, 54}.
		Mesh size: {30, 86, 54}.
			axis(0) tr sizes: average=18 max=175
			axis(1) tr sizes: average=15 max=244
			axis(2) tr sizes: average=3 max=200
	0.0217 s.
Geometries reading and preparing has taken 0.047 s.
-----------------------------------------------------------------------
Mapped triangles:
Hashing rough geometry(bodies) triangulation:
BodySet (0):
	Triangles num=1732
	Triangles box={0.507546 ,0.861278 ,0.93479 ,1.03397 ,1.47369 ,1.59894}
		3d-hash size is 591236 bytes
BodySet (1):
no log info (empty stream)

MMP (mapped_tr): locals=3, allc_sz=3.85 MB (0.00 MB), used_sz=2.78 MB, blk_sz=(0.03 MB/1.29 MB), blks-min-max=3/8 (big 0/0)
Free work mem pool...OK (0.001 s)
Mapped triangles processed in 0.030 s.
-----------------------------------------------------------------------
-----------------------------------------------------------------------
Getting sectors:
Number of sectors: 0
-----------------------------------------------------------------------
Current CPU = 0 sec
-----------------------------------------------------------------------
Memory Working Set Current = 47.94 Mb, Memory Working Set Peak = 51.16 Mb
Memory Private Bytes Current = 31.28 Mb, Memory Private Bytes Peak = 35.65 Mb
Process Threads Number: 21
-----------------------------------------------------------------------
-----------------------------------------------------------------------
Checking faces on CD...
FCD = [0 0 0 0 0 0]
FCD_conflicts = 0
Time (check faces on CD)=0.001 s
-----------------------------------------------------------------------

-----------------------------------------------------------------------
Mesh dimensions:
				I[0 ]=30
				I[1 ]=86
				I[2 ]=54

Comp. domain size:
				a[0  ]=0.507899
				a[1  ]=0.860925
				a[2  ]=-0.00192056
				a[3  ]=1.97068
				a[4  ]=1.47512
				a[5  ]=2.91193

Fluid calculated			1
Solid calculated			0
-----------------------------------------------------------------------
MESH Build started...
-----------------------------------------------------------------------
Mesh LEVEL = 1
-----------------------------------------------------------------------
-----------------------------------------------------------------------
CPT-mode xeps:
	D / dh / eps [axis=0] = (0.353026, 0.00588192, 5.88192e-06)
	D / dh / eps [axis=1] = (1.9726, 0.00575336, 5.75336e-06)
	D / dh / eps [axis=2] = (1.4368, 0.00505574, 5.05574e-06)
-----------------------------------------------------------------------
Initial allocation and brick-body-box intersection...OK (0.005 s)
Initial triangle brick intersection...OK (0.001 s)
Setting regions (139320 / 139320)...OK (0.003 s)
-----------------------------------------------------------------------
Base mesh info:
	3D task
	Nx=30
	Ny=86
	Nz=54
	N(Nx*Ny*Nz) = 2580
	Period    axis=[0, 0, 0]
	Symmetry  ni=[0 0 0 0 0 0]
	ZoomingBC ni=[0 0 0 0 0 0]
	Nx=30
		x[0]=0.507899
		x[1]=0.51967
		x[2]=0.531438
		x[3]=0.543205
		x[4]=0.554973
		x[5]=0.56674
		x[6]=0.578508
		x[7]=0.590276
		x[8]=0.602043
		x[9]=0.613811
		x[10]=0.625578
		x[11]=0.637346
		x[12]=0.649113
		x[13]=0.660881
		x[14]=0.672648
		x[15]=0.684416
		x[16]=0.696183
		x[17]=0.707951
		x[18]=0.719718
		x[19]=0.731486
		x[20]=0.743254
		x[21]=0.755021
		x[22]=0.766789
		x[23]=0.778556
		x[24]=0.790324
		x[25]=0.802091
		x[26]=0.813859
		x[27]=0.825626
		x[28]=0.837394
		x[29]=0.849161
		x[30]=0.860925
	Ny=86
		y[0]=-0.00192056
		y[1]=0.0500759
		y[2]=0.0995674
		y[3]=0.146688
		y[4]=0.191551
		y[5]=0.234266
		y[6]=0.274933
		y[7]=0.313653
		y[8]=0.350518
		y[9]=0.385617
		y[10]=0.419035
		y[11]=0.450851
		y[12]=0.481144
		y[13]=0.509985
		y[14]=0.537445
		y[15]=0.563589
		y[16]=0.588481
		y[17]=0.61218
		y[18]=0.634744
		y[19]=0.656228
		y[20]=0.676682
		y[21]=0.696156
		y[22]=0.714697
		y[23]=0.73235
		y[24]=0.749158
		y[25]=0.76516
		y[26]=0.780396
		y[27]=0.794901
		y[28]=0.808712
		y[29]=0.821862
		y[30]=0.834381
		y[31]=0.846301
		y[32]=0.857807
		y[33]=0.869314
		y[34]=0.880821
		y[35]=0.892328
		y[36]=0.903835
		y[37]=0.915342
		y[38]=0.926848
		y[39]=0.938355
		y[40]=0.949862
		y[41]=0.961369
		y[42]=0.972876
		y[43]=0.984383
		y[44]=0.995889
		y[45]=1.0074
		y[46]=1.0189
		y[47]=1.03041
		y[48]=1.04192
		y[49]=1.05342
		y[50]=1.06493
		y[51]=1.07644
		y[52]=1.08794
		y[53]=1.09945
		y[54]=1.11096
		y[55]=1.12246
		y[56]=1.13438
		y[57]=1.1469
		y[58]=1.16005
		y[59]=1.17387
		y[60]=1.18837
		y[61]=1.20361
		y[62]=1.21961
		y[63]=1.23642
		y[64]=1.25407
		y[65]=1.27262
		y[66]=1.29209
		y[67]=1.31254
		y[68]=1.33403
		y[69]=1.35659
		y[70]=1.38029
		y[71]=1.40519
		y[72]=1.43133
		y[73]=1.45879
		y[74]=1.48763
		y[75]=1.51793
		y[76]=1.54974
		y[77]=1.58316
		y[78]=1.61826
		y[79]=1.65513
		y[80]=1.69385
		y[81]=1.73452
		y[82]=1.77723
		y[83]=1.8221
		y[84]=1.86922
		y[85]=1.91871
		y[86]=1.97068
	Nz=54
		z[0]=1.47512
		z[1]=1.48544
		z[2]=1.49576
		z[3]=1.50608
		z[4]=1.5164
		z[5]=1.52672
		z[6]=1.53703
		z[7]=1.54715
		z[8]=1.55726
		z[9]=1.56737
		z[10]=1.57748
		z[11]=1.58759
		z[12]=1.5977
		z[13]=1.60826
		z[14]=1.6193
		z[15]=1.63087
		z[16]=1.64298
		z[17]=1.65565
		z[18]=1.66891
		z[19]=1.6828
		z[20]=1.69734
		z[21]=1.71255
		z[22]=1.72848
		z[23]=1.74516
		z[24]=1.76261
		z[25]=1.78088
		z[26]=1.80001
		z[27]=1.82003
		z[28]=1.84099
		z[29]=1.86293
		z[30]=1.8859
		z[31]=1.90994
		z[32]=1.93511
		z[33]=1.96145
		z[34]=1.98903
		z[35]=2.0179
		z[36]=2.04812
		z[37]=2.07975
		z[38]=2.11287
		z[39]=2.14753
		z[40]=2.18382
		z[41]=2.2218
		z[42]=2.26156
		z[43]=2.30319
		z[44]=2.34676
		z[45]=2.39237
		z[46]=2.44011
		z[47]=2.49009
		z[48]=2.54241
		z[49]=2.59718
		z[50]=2.65451
		z[51]=2.71452
		z[52]=2.77734
		z[53]=2.8431
		z[54]=2.91193
-----------------------------------------------------------------------
Input_mesh_settings--------------------------------
Settings 0----------------
	Scope: GLOBAL
	Type:	------MESHER_SETTINGS----------
	RefAllCells           =0
	RefFluidCells         =0
	RefPartCells          =0
	RefSolidCells         =0
	l_SSFR(Capture crit)  =1
	l_curv(Curvature crit)=0
	l_tol(Tolerance crit) =0
	UseChannelRef         =1
	  NCR_method          =0
	  l_NCR               =1
	  N_gap               =10
	  Use d_NCR_min       =0
	  Use d_NCR_max       =0
	CloseThinSlotsHeight         =0
	--END_OF_MESHER_SETTINGS-------
End of input mesh settings-------------------------
-----------------------------------------------------------------------
Memory Working Set Current = 75.02 Mb, Memory Working Set Peak = 75.02 Mb
Memory Private Bytes Current = 64.59 Mb, Memory Private Bytes Peak = 64.59 Mb
Process Threads Number: 21
-----------------------------------------------------------------------
MMP (gbs): locals=2, allc_sz=2.54 MB (0.00 MB), used_sz=1.95 MB, blk_sz=(0.08 MB/0.58 MB), blks-min-max=5/9 (big 0/0)
MMP (cpt_rgs): locals=0, allc_sz=0.00 MB (0.00 MB), used_sz=0.00 MB, blk_sz=(0.00 MB/0.00 MB), blks-min-max=0/0 (big 0/0)
MMP (slv_rgs): locals=0, allc_sz=0.00 MB (0.00 MB), used_sz=0.00 MB, blk_sz=(0.00 MB/0.00 MB), blks-min-max=0/0 (big 0/0)
MMP (msh): locals=14, allc_sz=22.05 MB (0.00 MB), used_sz=15.95 MB, blk_sz=(0.03 MB/8.18 MB), blks-min-max=3/21 (big 0/0)
MMP (brx): locals=14, allc_sz=10.18 MB (0.00 MB), used_sz=9.60 MB, blk_sz=(0.05 MB/0.12 MB), blks-min-max=13/21 (big 0/0)
MMP (bcf): locals=0, allc_sz=0.00 MB (0.00 MB), used_sz=0.00 MB, blk_sz=(0.00 MB/0.00 MB), blks-min-max=0/0 (big 0/0)
MMP (xsl): locals=1, allc_sz=0.02 MB (0.00 MB), used_sz=0.00 MB, blk_sz=(0.02 MB/0.02 MB), blks-min-max=1/1 (big 0/0)
NxNyNz = [30, 86, 54]
base_dx=0.0204374; 
NxNyNz_reverse = [17, 97, 70]

-----------------------------------------------------------------------
Refining geometries:
-----------------------------------------------------------------------

-----------------------------------------------------------------------
Refining by triangulation...
Refinement input: 139320 bricks
	Checking crit (139320 / 139320)...14 marked (0.004 s)
	Time(refinement): 0.000 s
Setting regions (112 / 139418)...OK (0.001 s)
	Checking crit (0 / 139418)...0 marked (0.001 s)
Refinement result (1 iterations): 139418 bricks (0.009 s)
Refinement input: 139418 bricks
	Checking crit (139306 / 139418)...0 marked (0.002 s)
Refinement result (0 iterations): 139418 bricks (0.002 s)
Collecting and processing rays:
	Adding rays...OK (0.007 s)
	Adding flags...OK (0.002 s)
	new bricks = 139418 / 139418
	new rays   = 9280 (x=4824, y=1736, z=2720)
	Processing rays...
		Rays process: Total time: 0.014, count: 1, Average time: 0.014, Maximum time: 0.014
		Sort xstacks: Total time: 0.000, count: 1, Average time: 0.000, Maximum time: 0.000
		Put xstacks:  Total time: 0.000, count: 1, Average time: 0.000, Maximum time: 0.000
		Total:         0.015 s
	Correcting rays...
		Lame vertices: Total time: 0.003, count: 1, Average time: 0.003, Maximum time: 0.003
		Bad rays:      No data
		Emit rays:     No data
		Correct ray f: No data
		Undef:         Total time: 0.000, count: 1, Average time: 0.000, Maximum time: 0.000
		Sum:           Total time: 0.003, count: 1, Average time: 0.003, Maximum time: 0.003
		Total:         0.004 s
	Time (rays): 0.029 s
	Calls                1022
	CorrectRay Calls     0
Capturing (139418 / 139418)...
Capturing takes (0.006 s)
Refining by triangulation takes 0.046 s
-----------------------------------------------------------------------

-----------------------------------------------------------------------
Refining 0 peculiar surfaces...
Collecting and processing rays:
	Adding rays...OK (0.000 s)
	Adding flags...OK (0.000 s)
	new bricks = 0 / 139418
	new rays   = 0 (x=0, y=0, z=0)
	Processing rays...
		Rays process: Total time: 0.000, count: 1, Average time: 0.000, Maximum time: 0.000
		Sort xstacks: Total time: 0.000, count: 1, Average time: 0.000, Maximum time: 0.000
		Put xstacks:  Total time: 0.000, count: 1, Average time: 0.000, Maximum time: 0.000
		Total:         0.000 s
	Correcting rays...
		Total:         0.000 s
	Time (rays): 0.003 s
	Calls                0
	CorrectRay Calls     0
Capturing (0 / 139418)...
Capturing takes (0.001 s)
0 surfaces refined
Refining peculiar surfaces takes 0.004 s
-----------------------------------------------------------------------

-----------------------------------------------------------------------
Base mesh 1 Refining...
Collecting and processing rays:
	Adding rays...OK (0.000 s)
	Adding flags...OK (0.000 s)
	new bricks = 0 / 139418
	new rays   = 0 (x=0, y=0, z=0)
	Processing rays...
		Rays process: Total time: 0.000, count: 1, Average time: 0.000, Maximum time: 0.000
		Sort xstacks: Total time: 0.000, count: 1, Average time: 0.000, Maximum time: 0.000
		Put xstacks:  Total time: 0.000, count: 1, Average time: 0.000, Maximum time: 0.000
		Total:         0.001 s
	Correcting rays...
		Total:         0.000 s
	Time (rays): 0.002 s
	Calls                0
	CorrectRay Calls     0
Capturing (0 / 139418)...
Capturing takes (0.000 s)
Refinement input: 139418 bricks
	Checking crit (139306 / 139418)...0 marked (0.001 s)
Refinement result (0 iterations): 139418 bricks (0.002 s)
-----------------------------------------------------------------------
Refining channels...
FYI: CNarrowChannelRefiner::RefineChannels_PRLL
Refinement input: 139418 bricks
	Time(refinement): 0.000 s
Setting regions (272 / 139656)...OK (0.001 s)
Refinement result (1 iterations): 139656 bricks (0.005 s)
Collecting and processing rays:
	Adding rays...OK (0.000 s)
	Adding flags...OK (0.000 s)
	new bricks = 272 / 139656
	new rays   = 93 (x=26, y=60, z=7)
	Processing rays...
		Rays process: Total time: 0.005, count: 1, Average time: 0.005, Maximum time: 0.005
		Sort xstacks: Total time: 0.000, count: 1, Average time: 0.000, Maximum time: 0.000
		Put xstacks:  Total time: 0.000, count: 1, Average time: 0.000, Maximum time: 0.000
		Total:         0.005 s
	Correcting rays...
		Lame vertices: Total time: 0.000, count: 1, Average time: 0.000, Maximum time: 0.000
		Bad rays:      No data
		Emit rays:     No data
		Correct ray f: No data
		Undef:         Total time: 0.000, count: 1, Average time: 0.000, Maximum time: 0.000
		Sum:           Total time: 0.000, count: 1, Average time: 0.000, Maximum time: 0.000
		Total:         0.001 s
	Time (rays): 0.008 s
	Calls                93
	CorrectRay Calls     0
Capturing (272 / 139656)...
Capturing takes (0.001 s)
FYI: m_iteration_count = 0
Level1 statistics:
     level1_cnt_plus[1]=272;		level1_cnt_minus[1]=0
     level1_cnt_plus[2]=0;		level1_cnt_minus[2]=0
     level1_cnt_plus[3]=0;		level1_cnt_minus[3]=0
     level1_cnt_plus[4]=0;		level1_cnt_minus[4]=0
     level1_cnt_plus[5]=0;		level1_cnt_minus[5]=0
     level1_cnt_plus[6]=0;		level1_cnt_minus[6]=0
     level1_cnt_plus[7]=0;		level1_cnt_minus[7]=0
     level1_cnt_plus[8]=0;		level1_cnt_minus[8]=0
     level1_cnt_plus[9]=0;		level1_cnt_minus[9]=0
FYI: m_iteration_count = 1
Level1 statistics:
     level1_cnt_plus[1]=272;		level1_cnt_minus[1]=0
     level1_cnt_plus[2]=0;		level1_cnt_minus[2]=0
     level1_cnt_plus[3]=0;		level1_cnt_minus[3]=0
     level1_cnt_plus[4]=0;		level1_cnt_minus[4]=0
     level1_cnt_plus[5]=0;		level1_cnt_minus[5]=0
     level1_cnt_plus[6]=0;		level1_cnt_minus[6]=0
     level1_cnt_plus[7]=0;		level1_cnt_minus[7]=0
     level1_cnt_plus[8]=0;		level1_cnt_minus[8]=0
     level1_cnt_plus[9]=0;		level1_cnt_minus[9]=0
Level1 statistics:
     level1_cnt_plus[1]=272;		level1_cnt_minus[1]=0
     level1_cnt_plus[2]=0;		level1_cnt_minus[2]=0
     level1_cnt_plus[3]=0;		level1_cnt_minus[3]=0
     level1_cnt_plus[4]=0;		level1_cnt_minus[4]=0
     level1_cnt_plus[5]=0;		level1_cnt_minus[5]=0
     level1_cnt_plus[6]=0;		level1_cnt_minus[6]=0
     level1_cnt_plus[7]=0;		level1_cnt_minus[7]=0
     level1_cnt_plus[8]=0;		level1_cnt_minus[8]=0
     level1_cnt_plus[9]=0;		level1_cnt_minus[9]=0

-----------------------------------------------------------------------
U-shapes refinement...
Refinement input: 139656 bricks
	Checking crit (139272 / 139656)...0 marked (0.004 s)
Refinement result (0 iterations): 139656 bricks (0.005 s)
Collecting and processing rays:
	Adding rays...OK (0.000 s)
	Adding flags...OK (0.000 s)
	new bricks = 0 / 139656
	new rays   = 0 (x=0, y=0, z=0)
	Processing rays...
		Rays process: Total time: 0.000, count: 1, Average time: 0.000, Maximum time: 0.000
		Sort xstacks: Total time: 0.000, count: 1, Average time: 0.000, Maximum time: 0.000
		Put xstacks:  Total time: 0.000, count: 1, Average time: 0.000, Maximum time: 0.000
		Total:         0.001 s
	Correcting rays...
		Total:         0.000 s
	Time (rays): 0.002 s
	Calls                0
	CorrectRay Calls     0
Capturing (0 / 139656)...
Capturing takes (0.000 s)
-----------------------------------------------------------------------
-----------------------------------------------------------------------
Equi Distant Refiner Objects:
-----------------------------------------------------------------------
-----------------------------------------------------------------------
Equi Distant Refiner:
Equi Distant Refiner takes 0.00 s
-----------------------------------------------------------------------
	Calls                0
	CorrectRay Calls     0

-----------------------------------------------------------------------
Refining geometries takes 0.103 s
-----------------------------------------------------------------------
-----------------------------------------------------------------------
Memory Working Set Current = 85.55 Mb, Memory Working Set Peak = 85.55 Mb
Memory Private Bytes Current = 84.91 Mb, Memory Private Bytes Peak = 84.92 Mb
Process Threads Number: 21
-----------------------------------------------------------------------
Defect ray count	0
-----------------------------------------------------------------------
CNarrowChannelRefiner::RedistributeLevel1_step_1_new: started...
	PrePass:                     272
	Distribute level_1 on level = 0
	Front spread algorithm. Partition count = 14
	Time (front spread): 0.001 s
	Groups count = 0
	Changed level 1 count = 0
	Distribute level_1 on level = 1
	Front spread algorithm. Partition count = 14
	Time (front spread): 0.001 s
	Groups count = 2
	Changed level 1 count = 0
	AfterPass:                   272
CNarrowChannelRefiner::RedistributeLevel1_step_1_new: finished in 0.005 s
Level1 statistics:
     level1_cnt_plus[1]=272;		level1_cnt_minus[1]=0
     level1_cnt_plus[2]=0;		level1_cnt_minus[2]=0
     level1_cnt_plus[3]=0;		level1_cnt_minus[3]=0
     level1_cnt_plus[4]=0;		level1_cnt_minus[4]=0
     level1_cnt_plus[5]=0;		level1_cnt_minus[5]=0
     level1_cnt_plus[6]=0;		level1_cnt_minus[6]=0
     level1_cnt_plus[7]=0;		level1_cnt_minus[7]=0
     level1_cnt_plus[8]=0;		level1_cnt_minus[8]=0
     level1_cnt_plus[9]=0;		level1_cnt_minus[9]=0
CNarrowChannelRefiner::RedistributeLevel1_step_2: started...
	PrePass(step2):                     272
	Brick chains count: 254
	Level 1 changed: 125 / 139656
	Sum (level 1 changed): 118
	AfterPass(step2):                   304
CNarrowChannelRefiner::RedistributeLevel1_step_2: finished in 0.012 s
Level1 statistics:
     level1_cnt_plus[1]=304;		level1_cnt_minus[1]=0
     level1_cnt_plus[2]=0;		level1_cnt_minus[2]=0
     level1_cnt_plus[3]=0;		level1_cnt_minus[3]=0
     level1_cnt_plus[4]=0;		level1_cnt_minus[4]=0
     level1_cnt_plus[5]=0;		level1_cnt_minus[5]=0
     level1_cnt_plus[6]=0;		level1_cnt_minus[6]=0
     level1_cnt_plus[7]=0;		level1_cnt_minus[7]=0
     level1_cnt_plus[8]=0;		level1_cnt_minus[8]=0
     level1_cnt_plus[9]=0;		level1_cnt_minus[9]=0
CNarrowChannelRefiner::RedistributeLevel1_step_3_new: started...
	PrePass(step3):                     304
	Distribute level_1 on level = 0
	Front spread algorithm. Partition count = 14
	Time (front spread): 0.011 s
	Groups count = 1
	Changed level 1 count = 0
	Distribute level_1 on level = 1
	Front spread algorithm. Partition count = 14
	Time (front spread): 0.001 s
	Groups count = 5
	Changed level 1 count = 80
	AfterPass(step3):                   384
CNarrowChannelRefiner::RedistributeLevel1_step_3_new: finished in 0.018 s
Level1 statistics:
     level1_cnt_plus[1]=304;		level1_cnt_minus[1]=80
     level1_cnt_plus[2]=0;		level1_cnt_minus[2]=0
     level1_cnt_plus[3]=0;		level1_cnt_minus[3]=0
     level1_cnt_plus[4]=0;		level1_cnt_minus[4]=0
     level1_cnt_plus[5]=0;		level1_cnt_minus[5]=0
     level1_cnt_plus[6]=0;		level1_cnt_minus[6]=0
     level1_cnt_plus[7]=0;		level1_cnt_minus[7]=0
     level1_cnt_plus[8]=0;		level1_cnt_minus[8]=0
     level1_cnt_plus[9]=0;		level1_cnt_minus[9]=0
MMP (ncr): locals=13, allc_sz=0.39 MB (0.00 MB), used_sz=0.25 MB, blk_sz=(0.02 MB/0.02 MB), blks-min-max=1/4 (big 0/0)
-----------------------------------------------------------------------
MSH format builder (Iteration 0)
-----------------------------------------------------------------------
Memory Working Set Current = 84.34 Mb, Memory Working Set Peak = 88.76 Mb
Memory Private Bytes Current = 84.05 Mb, Memory Private Bytes Peak = 88.14 Mb
Process Threads Number: 21
-----------------------------------------------------------------------
Total bricks count: 139656
-----------------------------------------------------------------------
MSH (Real Geometry) format constructor:
	Geom    Count = 2
	Bodyset Count = 2
	3D task
	Getting parser brick sets...OK (0.011 s)

	Min x-stack xeps = 0.0005
	D / dh / eps [axis=0] = (0.353026, 0.00588377, 5.88377e-06)
	D / dh / eps [axis=1] = (1.9726, 0.00575342, 5.75342e-06)
	D / dh / eps [axis=2] = (1.4368, 0.00505574, 5.05574e-06)
	Time (xeps): 0.003 s
Level 1
	Set (0)  size: 192
	Set (0)  time: 0.016 s
	Set (1)  size: 192
	Set (1)  time: 0.003 s
Level 0
	Set (0)  size: 69636
	Set (0)  time: 0.016 s
	Set (1)  size: 69636
	Set (1)  time: 0.017 s

	Spread npq bricks...0 marked (0.000 s)

Result:
	Bricks number:                        139656

	Memory usage:                         1.540 MB
	Memory usage (per brick):             0.011 KB
	Construction time:                    0.071 s

	Topology features:
	------------------
	- High quality bricks                  100.00 % (139656)
	- Medium quality bricks                  0.00 % (0)
	- Bad quality bricks                     0.00 % (0)
	- NPQ bricks                             0.00 % (1)
	- Type-1 bricks                          0.58 % (807)
	- Ribs corrected bricks                  0.00 % (0)
	- Points with geom-info (bricks)         0.00 % (0)
	- Points with closest-info (bricks)      0.00 % (0)
	- Triangulated by center (bricks)        0.00 % (1)
	- Facet w-faces mergings (bricks)        0.00 % (0)
	- To refine (bricks)                     0.00 % (0)
	- Points-count                           0.00 % (0)
	- T-self-intersection-all (bricks)       0.00 % (0)
	- T-self-intersection-simple (bricks)    0.00 % (0)
	- T-self-intersection-complex (bricks)   0.00 % (0)
	- NPQ by reason 1 u-shape                0.00 % (0)
	- NPQ by reason 2 tri-by-ctr             0.00 % (1)
	- NPQ by reason 3 ray-correction         0.00 % (0)
	- NPQ by reason 4 t-self-intersection    0.00 % (0)
	- NPQ by reason 5 non-good               0.00 % (0)
	- NPQ by reason 6 npq-worker             0.00 % (0)

-----------------------------------------------------------------------
Memory Working Set Current = 91.14 Mb, Memory Working Set Peak = 91.14 Mb
Memory Private Bytes Current = 88.76 Mb, Memory Private Bytes Peak = 88.77 Mb
Process Threads Number: 21
-----------------------------------------------------------------------
-----------------------------------------------------------------------
msh-iterations: 1
-----------------------------------------------------------------------
high---q-brick-count = 100.00 % (139656 139656)
medium-q-brick-count =   0.00 % (139656 0)
bad----q-brick-count =   0.00 % (139656 0)
np-----q-brick-count =   0.00 % (139656 1)
-----------------------------------------------------------------------
Free brick parser storage...OK(0.002 s)
-----------------------------------------------------------------------
Memory Working Set Current = 89.47 Mb, Memory Working Set Peak = 91.18 Mb
Memory Private Bytes Current = 88.19 Mb, Memory Private Bytes Peak = 88.77 Mb
Process Threads Number: 21
-----------------------------------------------------------------------
-----------------------------------------------------------------------
MSH --> BCF format (Iteration 0)...
BCF collector...(remove mode=0)
	Time (alloc counter per brick): 0.002 s
	Brick    count: 139656
	Av.f all count: 139274
	Av.s all count: 1231
	Av.f pid count: 849
	Av.s pid count: 807
	Faces fs count: 1324
	Faces ff count: 0
	Faces ss count: 0
	Faces bb count: 0
	Faces fe count: 17420
	Faces se count: 360
	Faces fw count: 19104
	Faces af count: 408875
	Faces as count: 3076
	Time (all count): 	0.004 s
	Time (bcf alloc): 	0.000 s
	Time (shifts alloc): 	0.005 s
	Time (shifts init): 	0.005 s
	Time (bcf fill): 	0.006 s
	Time (add av to faces): 0.000 s
	Time (add faces to av): 0.005 s
Time (bcf collect): 		0.026 s
	AV checker...
		Hole marker...
	Front spread algorithm. Partition count = 14
	Front spread algorithm. Partition count = 14
	Time (front spread): 0.007 s
	Time (front spread): 0.008 s
			Subdomains:               1.
			Subdomains (cond):        1.
			Time (subdomain constructors): 0.008 s.
			Time (potential-hole marking): 	0.001 s
	Front spread algorithm. Partition count = 14
	Time (front spread): 0.001 s
			Hole av set size = 0
			Hole checking...
			Time (hole checking): 0.000 s.
			0 av(s) are marked to fill 0 subdomain holes.
		Time (hole marker): 0.012 s.
	Time (check av): 	0.029 s
	Subdomain checker...
	Front spread algorithm. Partition count = 14
	Time (front spread): 0.007 s
		Subdomains construction time: 0.007 s.
		Subdomains sort time: 0.000 s.
			Subdomain 0 (geom_ind=0): 139274 av
			Subdomain 1 (geom_ind=1): 1231 av
		gi: 0, real bodies: 1
		gi: 0, subdomains:  1
		gi: 1, real bodies: 0
		gi: 1, subdomains:  1
		Defect subdomains: 0
	Time (check subdoms): 	0.011 s
Time (bcf iteration total): 	0.068 s
	Sum of fw-nb: 		1426
	Time (fw-nb): 		0.001 s
	Fixed mutual fw-nb:     1426 (bb: 0)
	Time (fw-nb mutual): 	0.001 s
	Time (fw-nb sort): 	0.000 s
	Fw-opt BEFORE total:    19104 (fs=1324, ff=0, ss=0)
	Fw-opt AFTER  total:    18997 (fs=1217, ff=0, ss=0, failed fw/br=0/0, big_curv=2, big_poly=0)
	Fw-opt RESULT:          107 (res/(fs+ff+ss) = 8.08 %)
	Time (fw-opt): 		0.002 s
	Time (fw-re-order): 	0.002 s
	Sum of fw-nb: 		38091
	Time (fw-nb): 		0.002 s
	Fixed mutual fw-nb:     38091 (bb: 0)
	Time (fw-nb mutual): 	0.003 s
	Time (fw-nb sort): 	0.001 s
	Time (rfd conservation): 	0.000 s
	Time (rfd correct): 	0.000 s
	Time (av convexity): 	0.001 s
	Time (av small volume): 0.000 s
	Time (diagonal fw-nb): 	0.017 s
	Fixed mutual fw-nb:     0 (bb: 0)
	Time (fw-nb mutual): 	0.001 s
	Time (fw-nb sort): 	0.001 s
	Front spread algorithm. Partition count = 14
	Time (front spread): 0.005 s
	Fluid subdomains: 1
	Faces fw-nb diff sd:    0
	Time (fw-nb diff sd): 	0.006 s
Time (bcf calc): 		0.044 s
-----------------------------------------------------------------------
Time (bcf total): 		0.113 s
-----------------------------------------------------------------------
bcf-iterations: 1
-----------------------------------------------------------------------
-----------------------------------------------------------------------
Mega-cv constructor for fluid...
	 0 av's is treated as thin
Relative size generator (threshold = 0.05)...
	Iteration 1 (small cluster count = 8)
	Iteration 2 (small cluster count = 4)
	Iteration 3 (small cluster count = 1)
	Iteration 4 (small cluster count = 0)
	 8 mega-cv's generated
	 0 mega-cv's removed
Relative size generator is completed OK (0.006 s)
Apply fa-rules to mega-cv clusters fixes...
OK (0.001 s)
Convert clusters:
	 8 mega-cv's total
Mega-cv count: 8
Time (mega-cv fill): 	0.000 s
Time (mega-cv total): 	0.017 s
-----------------------------------------------------------------------
Mixing plane rotation regions: NO.
Sliding mesh rotation regions: NO.
Fluid/fluid faces: NO.
-----------------------------------------------------------------------
Memory Working Set Current = 120.91 Mb, Memory Working Set Peak = 144.71 Mb
Memory Private Bytes Current = 118.36 Mb, Memory Private Bytes Peak = 146.12 Mb
Process Threads Number: 21
-----------------------------------------------------------------------
----------------------------------------------------------
BCF --> BCF.GEOMSUBDOM (bridge arrays):
MESH (0):
	Front spread algorithm. Partition count = 14
	Time (front spread): 0.006 s
	Fluid Subdom Constructor: 1 subdom(s).
	Front spread algorithm. Partition count = 14
	Time (front spread): 0.001 s
	Solid Subdom Constructor: 1 subdom(s).
	Front spread algorithm. Partition count = 14
	Time (front spread): 0.001 s
	Net Asm Subdom Constructor: 0 subdom(s).
	GEOMSUBDOM (0): gi=0 Fluid av=139274 cv=139266 fa=408875 fw=18637 V=9.995941e-01
	Cache data...OK
	GEOMSUBDOM (1): gi=1 Solid av=1231 cv=1231 fa=3076 fw=1577 V=9.655749e-04
	Cache data...OK
	Setting nb of w-faces...OK (0.001 s).
	Correcting nb of w-faces...
	Time(correct_fw_nb)=0.002 s

MESH (0) checking:
	GEOMSUBDOM (0):fa_s=161.9837204749728130 fw_s=8.1026368483777595 fw_nb=149012
	              :d_const(37354)=1.75025e-12 d_linear(37354)=3.04448e-12
	GEOMSUBDOM (1):fa_s=0.2495503211374324 fw_s=0.1062107662075190 fw_nb=10936
	              :d_const(765)=8.91471e-12 d_linear(765)=3.9789e-11
MESH (0) checking: OK.
Time (MDS): 	0.107 s
----------------------------------------------------------
-----------------------------------------------------------------------
Memory Working Set Current = 171.42 Mb, Memory Working Set Peak = 171.42 Mb
Memory Private Bytes Current = 177.43 Mb, Memory Private Bytes Peak = 177.48 Mb
Process Threads Number: 21
-----------------------------------------------------------------------

-----------------------------------------------------------------------
BCF CHECKSUM DATA (Mesh 0):

BRICK |Level1| Sum:               384
FACE_A Area Sum:   G.Fluid        161.9837204749725856
FACE_A Area Sum:   G.Solid        0.2495503211374324
FACE_W Area Sum:                  8.1422690181159076
FACE_W Nb   Sum:                  150540
FACE_W min curvatures sum:        -19835.21971274
FACE_W max curvatures sum:        80289.74884439
AV Max Disbalance(Const) :        8.9147e-12 (cid=9071, t={41, 87, 7}, avid=140155, pid=457)
AV Max Disbalance(Linear):        3.9789e-11 (cid=9071, t={41, 87, 7}, avid=140155, pid=457)
-----------------------------------------------------------------------


-----------------------------------------------------------------------
MESHER TOPOLOGY DATA:

BRICKS: Total                 139656
BRICKS: Fluid                 139232
BRICKS: Fluid Partial         807
BRICKS: Type 1                807
BRICKS: Max AV number         3
BRICKS: |level1| sum          384


AV:     G.Total               140505
AV:     G.Fluid               139274
AV:     G.Solid               1231

AV:     G.Fluid Thin Profile    0.00 % (0)
AV:     G.Solid Thin Profile    3.41 % (42)

AV:     G.Fluid Thin For Mega   0.00 % (0)
AV:     G.Solid Thin For Mega   0.97 % (12)

AV:     G.Fluid Non-Convex      0.12 % (165)
AV:     G.Solid Non-Convex      9.83 % (121)

AV:     G.Fluid Non-Ess-Convex      0.11 % (155)
AV:     G.Solid Non-Ess-Convex      9.42 % (116)

FACE_A: G.Fluid          (af) 408875 (partially opened 1671)
FACE_A: G.Solid          (as) 3076 (partially opened 1603)

FACE_W: G.Total                 18997       Brick/Bound
FACE_W: G.Fluid/Solid    (fs_g) 1217        0           
FACE_W: G.Fluid/Fluid    (ff_g) 0           0           
FACE_W: G.Solid/Solid    (ss_g) 0           0           
FACE_W: G.Fluid/Void     (fv_g) 0           0           
FACE_W: G.Fluid/External (fe_g) 17420
FACE_W: G.Solid/External (se_g) 360

AV/CV max fa count (on brick side):4
AV/CV max fw count:                4
AV/CV max fw poly count:           14

MEMORY: Total                   38.415 MB
MEMORY: Per Brick               0.282 KB
-----------------------------------------------------------------------

-----------------------------------------------------------------------
Connectivities information:
	Number of conns: 0
-----------------------------------------------------------------------
	Time (gap size): 	0.005 s
-----------------------------------------------------------------------
Memory Working Set Current = 170.54 Mb, Memory Working Set Peak = 171.42 Mb
Memory Private Bytes Current = 176.39 Mb, Memory Private Bytes Peak = 177.48 Mb
Process Threads Number: 21
-----------------------------------------------------------------------
-----------------------------------------------------------------------
Calculating curvature and tolerance criteria...
Curvature: min=0 (cid=0) max=3.14159 (cid=22103)
Tolerance: min=0 (cid=0) max=0.0053983 (cid=9008)
Calculating curvature and tolerance criteria takes 0.013 s
-----------------------------------------------------------------------
MESH Build(FS) finished. Time=0.557 s
-----------------------------------------------------------------------
Current CPU = 0 sec

Nx=30
Ny=86
Nz=54
Max BRICK Level=1
Mesh Level=1
-----------------CModelBodies2MeshMapper::CollectData started -------------------------------
	Time (collect mesh base data): 0.001 s.
	Time (collect model bodies mapping): 0.000 s.
	Time (collect positive bodies mapping): 0.000 s.
	Time (collect fluid bodies mapping): 0.000 s.
-----------------CModelBodies2MeshMapper Report -------------------------------
FluidDomains 1 SolidDomains 1 VoidDomains 0 
Domains RefIndexes
----------------- -------------------------------
	ModelBodies
Total resolved Bodies 0 BodySets 0

--------------------------------------------------------------------------
	Positive geometry Bodies
Total resolved Bodies 1 BodySets 1
BodySet 0
	Bodies list:
			#0	Name: ;	ID: 9a6e71e7-e678-4c92-9768-de00e24c05cf
	Domains list:mesh type	 (0, 1)		 0 


--------------------------------------------------------------------------
	Fluid regions
Total resolved Bodies 1 BodySets 1
BodySet 0	Material: Air; 
	Bodies list:
			#0	Name: ;	ID: 9a6e71e7-e678-4c92-9768-de00e24c05cf
	Domains list:mesh type	 (0, 1)		 0 


--------------------------------------------------------------------------
Collect data takes...0.002 s
-----------------CModelBodies2MeshMapper::CollectData finished successfully-------------------
Saving initial mesh in: Z:\Developer\MIT_Rkt_Team\Githubs\MIT_Rkt_Zephyrus_Aero\CFD\sldwrks\08.15.2025\2\2.fld .
Storing results...
	Estimated CPT size=14.073 MB.
Write section 436 takes 0.001 s
Write section 101 takes 0.000 s
Write section 400 takes 0.007 s
Write section 437 takes 0.005 s
Write mesh/bricks section: 0.014 s
Write section 408 takes 0.009 s
Write section 427 takes 0.004 s
Write msh format: 0.014 s
Write section 406 takes 0.009 s
Write section 405 takes 0.001 s
Write section 401 takes 0.033 s
Write section 402 takes 0.032 s
Write section 407 takes 0.005 s
Write section 421 takes 0.015 s
Write section 404 takes 0.002 s
Write section 416 takes 0.002 s
Write section 411 takes 0.001 s
Write section 413 takes 0.000 s
Write section 432 takes 0.001 s
Write plain bcf: 0.103 s
Write section 448 takes 0.003 s
Write section 446 takes 0.000 s
Write section 516 takes 0.000 s
	Time (write bcf): 0.135 s
X_STACK_LIST::write_x_stack_list4: started...
X_STACK_LIST::write_x_stack_list4: finished in 0.004 s
Storing results takes 0.155 s
-----------------------------------------------------------------------
Memory Working Set Current = 181.40 Mb, Memory Working Set Peak = 181.40 Mb
Memory Private Bytes Current = 187.19 Mb, Memory Private Bytes Peak = 187.46 Mb
Process Threads Number: 21
-----------------------------------------------------------------------
Cleaning memory...
-----------------------------------------------------------------------
Start to free mesher data...
MMP (gbs): locals=2, allc_sz=2.54 MB (0.00 MB), used_sz=1.95 MB, blk_sz=(0.08 MB/0.58 MB), blks-min-max=5/9 (big 0/0)
MMP (cpt_rgs): locals=0, allc_sz=0.00 MB (0.00 MB), used_sz=0.00 MB, blk_sz=(0.00 MB/0.00 MB), blks-min-max=0/0 (big 0/0)
MMP (slv_rgs): locals=0, allc_sz=0.00 MB (0.00 MB), used_sz=0.00 MB, blk_sz=(0.00 MB/0.00 MB), blks-min-max=0/0 (big 0/0)
MMP (msh): locals=14, allc_sz=22.05 MB (0.00 MB), used_sz=15.99 MB, blk_sz=(0.03 MB/8.18 MB), blks-min-max=3/21 (big 0/0)
MMP (brx): locals=14, allc_sz=12.82 MB (0.00 MB), used_sz=12.23 MB, blk_sz=(0.07 MB/0.14 MB), blks-min-max=15/23 (big 0/0)
MMP (bcf): locals=14, allc_sz=68.96 MB (0.00 MB), used_sz=55.36 MB, blk_sz=(0.09 MB/7.36 MB), blks-min-max=8/30 (big 0/0)
MMP (xsl): locals=14, allc_sz=0.24 MB (0.00 MB), used_sz=0.06 MB, blk_sz=(0.02 MB/0.02 MB), blks-min-max=1/1 (big 0/0)
Free xsl...            OK	Time=0.000 s
Free ray collector...  OK	Time=0.000 s
Free ray intersector...OK	Time=0.000 s
Free body sets...      OK	Time=0.000 s
Free Geometry DB takes 0.000 s
Free mesh conn...      OK	Time=0.000 s
Free geomsd...         OK	Time=0.000 s
Free mbricks...        OK	Time=0.001 s
Free hash info...      OK	Time=0.000 s
Free bricks-x...       OK	Time=0.001 s
Free bcf...            OK	Time=0.002 s
Free mesh h...         OK	Time=0.000 s
Free bricks arr..      OK	Time=0.000 s
Free bricks tree...    OK	Time=0.000 s
Free mesh pools...     OK	Time=0.023 s
Free bodies mapper...  OK	Time=0.000 s
Free geom crits...     OK	Time=0.000 s
Free cpt regions...    OK	Time=0.000 s
Free peculiar surfs... OK	Time=0.000 s
Free sw-geometries...  OK	Time=0.000 s
Free mesher wrk data...OK	Time=0.001 s
Total free mesher data time: 0.035 s
-----------------------------------------------------------------------
Copying... OK
CPT size=1.589 MB (1666555 bytes).
Mesh generation normally finished at	26.8.2025	15:26:3
Mesher CPU = 0 sec
Mesher is finished at	26.8.2025	15:26:3
-----------------------------------------------------------------------
Memory Working Set Current = 72.81 Mb, Memory Working Set Peak = 181.40 Mb
Memory Private Bytes Current = 59.36 Mb, Memory Private Bytes Peak = 187.46 Mb
Process Threads Number: 21
-----------------------------------------------------------------------
Algebra Pool      : mem_usage = 1.75 Mb, allocated count = 0
-----------------------------------------------------------------------
Memory Working Set Current = 71.19 Mb, Memory Working Set Peak = 181.40 Mb
Memory Private Bytes Current = 57.68 Mb, Memory Private Bytes Peak = 187.46 Mb
Process Threads Number: 21
Process Threads Number Peak: 21
-----------------------------------------------------------------------
Log ended at 26.08.2025	15:26:03
